# CV, Free-energy in eV, Free-energy in kcal/mol 
-0.95 inf inf
-0.85 inf inf
-0.75 inf inf
-0.65 inf inf
-0.55 inf inf
-0.45 inf inf
-0.35 inf inf
-0.25 inf inf
-0.15 inf inf
-0.05 inf inf
0.05 inf inf
0.15 inf inf
0.25 inf inf
0.35 inf inf
0.45 inf inf
0.55 inf inf
0.65 inf inf
0.75 inf inf
0.85 inf inf
0.95 0.2231847299355204052 5.1468630570430360517
1.05 0.0 0.0
1.15 0.0026229240853240923099 0.06048725233165889261
1.25 0.122007929842396731964 2.8136248700955110288
1.35 inf inf
1.45 inf inf
1.55 inf inf
1.65 inf inf
1.75 inf inf
1.85 inf inf
1.95 inf inf
2.05 inf inf
2.15 inf inf
2.25 inf inf
2.35 inf inf
2.45 inf inf
2.55 inf inf
2.65 inf inf
2.75 inf inf
2.85 inf inf
2.95 inf inf
