# CV value, error in kcal/mol
1.00000  0.00000
1.02500  0.01174
1.05000  0.01599
1.07500  0.03129
1.10000  0.04114
