# CV, Free-energy in eV, Free-energy in kcal/mol 
0.525 inf inf
0.575 inf inf
0.625 inf inf
0.675 inf inf
0.725 inf inf
0.775 inf inf
0.825 inf inf
0.875 inf inf
0.925 inf inf
0.975 0.33973418081640211776 7.834609943807049218
1.025 0.17774003009190831631 4.0988628339494976725
1.075 0.094729758544606767906 2.1845629617971766693
1.125 0.05319779467115502956 1.2267943429115061336
1.175 0.026097091298717213693 0.6018250224397176635
1.225 0.0 0.0
1.275 inf inf
1.325 inf inf
1.375 inf inf
1.425 inf inf
1.475 inf inf
